// Jest Snapshot v1, https://goo.gl/fbAQLP

exports[`FolderPicker should render 1`] = `
<div
  aria-label="Folder picker select container"
>
  <div
    className="gf-form-inline"
  >
    <div
      className="gf-form"
    >
      <label
        className="gf-form-label width-7"
      >
        Folder
      </label>
      <AsyncSelect
        allowCustomValue={false}
        className="width-20"
        defaultOptions={true}
        defaultValue={Object {}}
        loadOptions={[Function]}
        loadingMessage="Loading folders..."
        onChange={[Function]}
        onCreateOption={[Function]}
        value={Object {}}
      />
    </div>
  </div>
</div>
`;
