// Jest Snapshot v1, https://goo.gl/fbAQLP

exports[`QueryEditor should render component 1`] = `null`;
