// Jest Snapshot v1, https://goo.gl/fbAQLP

exports[`Render should render component 1`] = `
<div
  className="page-action-bar"
>
  <div
    className="gf-form gf-form--grow"
  >
    <Component
      inputClassName="gf-form-input width-20"
      labelClassName="gf-form--has-input-icon"
      onChange={[MockFunction]}
      placeholder="Search by name or type"
      value=""
    />
  </div>
  <div
    className="page-action-bar__spacer"
  />
  <LinkButton
    href="some/url"
    target="_blank"
  >
    test
  </LinkButton>
</div>
`;
