// Jest Snapshot v1, https://goo.gl/fbAQLP

exports[`Render should enable save button 1`] = `
<OldPage
  navId="dashboards/browse"
>
  <PageContents
    isLoading={false}
  >
    <h3
      className="page-sub-heading"
    >
      Folder settings
    </h3>
    <div
      className="section gf-form-group"
    >
      <form
        name="folderSettingsForm"
        onSubmit={[Function]}
      >
        <div
          className="gf-form"
        >
          <label
            className="gf-form-label width-7"
          >
            Name
          </label>
          <Input
            className="gf-form-input width-30"
            onChange={[Function]}
            type="text"
            value="loading"
          />
        </div>
        <div
          className="gf-form-button-row"
        >
          <Button
            disabled={false}
            type="submit"
          >
            Save
          </Button>
          <Button
            disabled={false}
            onClick={[Function]}
            variant="destructive"
          >
            Delete
          </Button>
        </div>
      </form>
    </div>
  </PageContents>
</OldPage>
`;

exports[`Render should render component 1`] = `
<OldPage
  navId="dashboards/browse"
>
  <PageContents
    isLoading={false}
  >
    <h3
      className="page-sub-heading"
    >
      Folder settings
    </h3>
    <div
      className="section gf-form-group"
    >
      <form
        name="folderSettingsForm"
        onSubmit={[Function]}
      >
        <div
          className="gf-form"
        >
          <label
            className="gf-form-label width-7"
          >
            Name
          </label>
          <Input
            className="gf-form-input width-30"
            onChange={[Function]}
            type="text"
            value="loading"
          />
        </div>
        <div
          className="gf-form-button-row"
        >
          <Button
            disabled={true}
            type="submit"
          >
            Save
          </Button>
          <Button
            disabled={false}
            onClick={[Function]}
            variant="destructive"
          >
            Delete
          </Button>
        </div>
      </form>
    </div>
  </PageContents>
</OldPage>
`;
