// Jest Snapshot v1, https://goo.gl/fbAQLP

exports[`Render should render component 1`] = `
<div
  className="sidemenu__bottom"
>
  <Component />
  <BottomNavLinks
    key="undefined-0"
    link={
      Object {
        "hideFromMenu": true,
        "id": "profile",
      }
    }
  />
  <BottomNavLinks
    key="undefined-1"
    link={
      Object {
        "hideFromMenu": true,
      }
    }
  />
  <BottomNavLinks
    key="undefined-2"
    link={
      Object {
        "hideFromMenu": true,
      }
    }
  />
</div>
`;
