// Jest Snapshot v1, https://goo.gl/fbAQLP

exports[`Render should render component 1`] = `
Array [
  <a
    className="sidemenu__logo"
    href="/"
    key="logo"
  >
    <MenuLogo />
  </a>,
  <div
    className="sidemenu__logo_small_breakpoint"
    key="hamburger"
    onClick={[Function]}
  >
    <Icon
      name="bars"
      size="xl"
    />
    <span
      className="sidemenu__close"
    >
      <Icon
        name="times"
      />
      Â Close
    </span>
  </div>,
  <TopSection
    key="topsection"
  />,
  <BottomSection
    key="bottomsection"
  />,
]
`;
