// Jest Snapshot v1, https://goo.gl/fbAQLP

exports[`Render should render component 1`] = `
<TopSectionItem
  link={
    Object {
      "text": "Hello",
      "url": "/asd",
    }
  }
>
  <div
    className="sidemenu-item dropdown"
  >
    <a
      className="sidemenu-link"
      href="/asd"
    >
      <span
        className="icon-circle sidemenu-icon"
      >
        <Icon
          size="xl"
        >
          <div />
        </Icon>
      </span>
    </a>
    <SideMenuDropDown
      link={
        Object {
          "text": "Hello",
          "url": "/asd",
        }
      }
    >
      <ul
        className="dropdown-menu dropdown-menu--sidemenu"
        role="menu"
      >
        <li
          className="side-menu-header"
        >
          <a
            className="side-menu-header-link"
            href="/asd"
          >
            <span
              className="sidemenu-item-text"
            >
              Hello
            </span>
          </a>
        </li>
      </ul>
    </SideMenuDropDown>
  </div>
</TopSectionItem>
`;
